/Users/adi/Developer/STM32CubeIDE/Nx_UDP_Echo_Client/Core/Src/main.c:95:6:Success_Handler	8	static
/Users/adi/Developer/STM32CubeIDE/Nx_UDP_Echo_Client/Core/Src/main.c:114:5:main	472	static
/Users/adi/Developer/STM32CubeIDE/Nx_UDP_Echo_Client/Core/Src/main.c:210:6:SystemClock_Config	88	static
/Users/adi/Developer/STM32CubeIDE/Nx_UDP_Echo_Client/Core/Src/main.c:263:13:MX_ETH_Init	8	static
/Users/adi/Developer/STM32CubeIDE/Nx_UDP_Echo_Client/Core/Src/main.c:312:13:MX_TIM1_Init	80	static
/Users/adi/Developer/STM32CubeIDE/Nx_UDP_Echo_Client/Core/Src/main.c:377:13:MX_TIM2_Init	32	static
/Users/adi/Developer/STM32CubeIDE/Nx_UDP_Echo_Client/Core/Src/main.c:422:13:MX_TIM3_Init	48	static
/Users/adi/Developer/STM32CubeIDE/Nx_UDP_Echo_Client/Core/Src/main.c:471:13:MX_USART3_UART_Init	8	static
/Users/adi/Developer/STM32CubeIDE/Nx_UDP_Echo_Client/Core/Src/main.c:504:13:MX_GPIO_Init	64	static
/Users/adi/Developer/STM32CubeIDE/Nx_UDP_Echo_Client/Core/Src/main.c:625:1:__io_putchar	16	static
/Users/adi/Developer/STM32CubeIDE/Nx_UDP_Echo_Client/Core/Src/main.c:648:6:stopMotor	16	static
/Users/adi/Developer/STM32CubeIDE/Nx_UDP_Echo_Client/Core/Src/main.c:657:6:controlSpeed	24	static
/Users/adi/Developer/STM32CubeIDE/Nx_UDP_Echo_Client/Core/Src/main.c:662:6:controlMotor	32	static
/Users/adi/Developer/STM32CubeIDE/Nx_UDP_Echo_Client/Core/Src/main.c:704:6:HAL_TIM_PeriodElapsedCallback	24	static
/Users/adi/Developer/STM32CubeIDE/Nx_UDP_Echo_Client/Core/Src/main.c:755:6:Error_Handler	8	static
